.............................................................
----------------------------------------------------------------------
Ran 61 tests in 3.434s

OK
